// Jest Snapshot v1, https://goo.gl/fbAQLP

exports[`game.service should return empty list when all players are done 1`] = `Array []`;

exports[`game.service should return new game state 1`] = `
Array [
  Object {},
]
`;
